[trongemers.club/index.html]
[backblue.gif]
[fade.gif]
[index.html]
[trongemers.club/index.html]
[trongemers.club/images/icon.html]
[trongemers.club/en/index.html]
[trongemers.club/js/slick/slick.css]
[trongemers.club/css/bootstrap.min.css]
[trongemers.club/js/slick/slick-theme.css]
[trongemers.club/css/style.css]
[trongemers.club/css/media.css]
[trongemers.club/img/favico.ico]
[trongemers.club/img/close.png]
[trongemers.club/img/icon_faq.png]
[trongemers.club/img/bg/burger.png]
[trongemers.club/ru/index.html]
[trongemers.club/img/icon/ru.png]
[trongemers.club/img/icon/en.png]
[trongemers.club/de/index.html]
[trongemers.club/img/icon/de.png]
[trongemers.club/cn/index.html]
[trongemers.club/img/icon/ch.png]
[trongemers.club/pl/index.html]
[trongemers.club/img/icon/pl.png]
[trongemers.club/en/game.html]
[trongemers.club/img/logo.png]
[trongemers.club/img/icon/p2.png]
[trongemers.club/img/icon/p3.png]
[trongemers.club/img/plant/ris.png]
[trongemers.club/img/plant/phen.png]
[trongemers.club/img/plant/orange.png]
[trongemers.club/img/plant/tea.png]
[trongemers.club/img/plant/vino.png]
[trongemers.club/img/plant/koki.png]
[trongemers.club/img/adv_image_2.png]
[trongemers.club/img/adv_image_22.png]
[trongemers.club/img/gift.png]
[trongemers.club/img/adv_image_1.png]
[trongemers.club/img/pers_3.png]
[trongemers.club/img/icon/copyright.png]
[trongemers.club/img/icon/s1.png]
[trongemers.club/img/icon/s2.png]
[cdnjs.cloudflare.com/ajax/libs/jquery/3.3.1/jquery.min.js]
[trongemers.club/js/slick/slick.min.js]
[trongemers.club/js/common.js]
[trongemers.club/en/index.html]
[trongemers.club/css/bootstrap.min.css]
[trongemers.club/js/slick/slick.css]
[trongemers.club/js/slick/ajax-loader.gif]
[trongemers.club/js/slick/fonts/slick.woff]
[trongemers.club/js/slick/fonts/slick.ttf]
[trongemers.club/js/slick/slick-theme.css]
[trongemers.club/fonts/georgia.ttf]
[trongemers.club/fonts/georgiab.ttf]
[trongemers.club/fonts/beer_money_Regular.ttf]
[trongemers.club/fonts/calibrib.ttf]
[trongemers.club/fonts/Gagalin-Regular.ttf]
[trongemers.club/img/bg/head_bg.jpg]
[trongemers.club/img/bg/menu_bg.png]
[trongemers.club/img/arr.png]
[trongemers.club/img/pers_1.png]
[trongemers.club/img/pers_2.png]
[trongemers.club/img/btn_new.png]
[trongemers.club/img/title.png]
[trongemers.club/img/ico2.png]
[trongemers.club/img/footer_fruct.png]
[trongemers.club/img/arr_left.png]
[trongemers.club/img/arr_right.png]
[trongemers.club/img/bg/game.jpg]
[trongemers.club/img/bg/st_left.png]
[trongemers.club/img/bg/st_right.png]
[trongemers.club/img/tbl.png]
[trongemers.club/img/tbl2.png]
[trongemers.club/img/btn_door.png]
[trongemers.club/img/bg/plant_bg.png]
[trongemers.club/img/line_plant.png]
[trongemers.club/img/icon/btn_bue.png]
[trongemers.club/img/bg/his.png]
[trongemers.club/img/bg/bgt.png]
[trongemers.club/img/bg/modal_btn.png]
[trongemers.club/img/bg/top.png]
[trongemers.club/img/icon/tl.png]
[trongemers.club/img/icon/tr.png]
[trongemers.club/img/num.png]
[trongemers.club/img/bg/slide_plant.png]
[trongemers.club/css/style.css]
[trongemers.club/img/bg/mobail.png]
[trongemers.club/css/media.css]
[trongemers.club/ru/index.html]
[trongemers.club/de/index.html]
[trongemers.club/cn/index.html]
[trongemers.club/pl/index.html]
[trongemers.club/img/icon/ico_money.png]
[trongemers.club/img/lk/st5.png]
[trongemers.club/img/lk/st8.png]
[trongemers.club/img/icon/ico_top.png]
[trongemers.club/img/main.png]
[trongemers.club/img/lk/st1.png]
[trongemers.club/img/lk/st2.png]
[trongemers.club/img/lk/st3.png]
[trongemers.club/img/lk/st4.png]
[trongemers.club/img/icon/b1.png]
[trongemers.club/img/icon/b2.png]
[trongemers.club/img/lk/st6.png]
[trongemers.club/img/lk/st7.png]
[trongemers.club/img/icon/p1.png]
[trongemers.club/img/ico_bue.png]
[trongemers.club/js/tronweb.min.js]
[trongemers.club/js/bn.min.js]
[trongemers.club/en/game.html]
[trongemers.club/js/common.html]
[trongemers.club/js/slick/fonts/slick.html]
[trongemers.club/js/slick/fonts/slickd41dd41d.html]
[trongemers.club/js/slick/fonts/slick-2.html]
[trongemers.club/fonts/panton.html]
[trongemers.club/fonts/calibri.html]
[trongemers.club/img/ico.html]
[trongemers.club/img/bg/faq.html]
[trongemers.club/img/mb_stat.html]
[trongemers.club/js/tronweb.min.html]
[trongemers.club/js/tron.js]
